// Jest Snapshot v1, https://goo.gl/fbAQLP

exports[`Test for Home should render 1`] = `
Object {
  "asFragment": [Function],
  "baseElement": <body>
    <div>
      <div
        class="row m-0 p-0 "
      >
        <div
          class="col m-0 p-3  d-flex flex-column align-items-center justify-content-center bg-image"
        >
          <p
            class="text-white text-center"
          >
            <span
              class="h5 text-center"
            >
              COVID-19 Statistics
            </span>
            <br />
            Around The World
          </p>
        </div>
        <div
          class="col bg-color m-0 p-3 "
        >
          <p
            class="text-white"
          >
            <span
              class="h5"
            >
              Total Cases:
            </span>
            <br />
          </p>
          <p
            class="text-white"
          >
            <span
              class="h5"
            >
              Date:
            </span>
            <br />
          </p>
        </div>
      </div>
      <div
        class="text-center bg-color1 m-0 pt-2 pb-3"
      >
        <p
          class="text-white m-0 p-0"
        >
          Search by country name
        </p>
        <input
          class="mx-0 mt-2 mb-0 ps-3 py-1 rounded-pill"
          placeholder="Type a country"
          type="text"
          value=""
        />
      </div>
      <div
        class="m-0 countries-container bg-color row"
      />
    </div>
  </body>,
  "container": <div>
    <div
      class="row m-0 p-0 "
    >
      <div
        class="col m-0 p-3  d-flex flex-column align-items-center justify-content-center bg-image"
      >
        <p
          class="text-white text-center"
        >
          <span
            class="h5 text-center"
          >
            COVID-19 Statistics
          </span>
          <br />
          Around The World
        </p>
      </div>
      <div
        class="col bg-color m-0 p-3 "
      >
        <p
          class="text-white"
        >
          <span
            class="h5"
          >
            Total Cases:
          </span>
          <br />
        </p>
        <p
          class="text-white"
        >
          <span
            class="h5"
          >
            Date:
          </span>
          <br />
        </p>
      </div>
    </div>
    <div
      class="text-center bg-color1 m-0 pt-2 pb-3"
    >
      <p
        class="text-white m-0 p-0"
      >
        Search by country name
      </p>
      <input
        class="mx-0 mt-2 mb-0 ps-3 py-1 rounded-pill"
        placeholder="Type a country"
        type="text"
        value=""
      />
    </div>
    <div
      class="m-0 countries-container bg-color row"
    />
  </div>,
  "debug": [Function],
  "findAllByAltText": [Function],
  "findAllByDisplayValue": [Function],
  "findAllByLabelText": [Function],
  "findAllByPlaceholderText": [Function],
  "findAllByRole": [Function],
  "findAllByTestId": [Function],
  "findAllByText": [Function],
  "findAllByTitle": [Function],
  "findByAltText": [Function],
  "findByDisplayValue": [Function],
  "findByLabelText": [Function],
  "findByPlaceholderText": [Function],
  "findByRole": [Function],
  "findByTestId": [Function],
  "findByText": [Function],
  "findByTitle": [Function],
  "getAllByAltText": [Function],
  "getAllByDisplayValue": [Function],
  "getAllByLabelText": [Function],
  "getAllByPlaceholderText": [Function],
  "getAllByRole": [Function],
  "getAllByTestId": [Function],
  "getAllByText": [Function],
  "getAllByTitle": [Function],
  "getByAltText": [Function],
  "getByDisplayValue": [Function],
  "getByLabelText": [Function],
  "getByPlaceholderText": [Function],
  "getByRole": [Function],
  "getByTestId": [Function],
  "getByText": [Function],
  "getByTitle": [Function],
  "queryAllByAltText": [Function],
  "queryAllByDisplayValue": [Function],
  "queryAllByLabelText": [Function],
  "queryAllByPlaceholderText": [Function],
  "queryAllByRole": [Function],
  "queryAllByTestId": [Function],
  "queryAllByText": [Function],
  "queryAllByTitle": [Function],
  "queryByAltText": [Function],
  "queryByDisplayValue": [Function],
  "queryByLabelText": [Function],
  "queryByPlaceholderText": [Function],
  "queryByRole": [Function],
  "queryByTestId": [Function],
  "queryByText": [Function],
  "queryByTitle": [Function],
  "rerender": [Function],
  "unmount": [Function],
}
`;
